(t10_1,t20_1,(t27_1,(t18_1,(((t12_1,t1_1):0.19938063319597937,t23_1):0.4389439556576334,(((t8_1,t9_1):0.1329083023845311,(t5_1,t6_1):0.15634683990653614):0.020504776522136434,t2_1):0.4036161518759015):0.11531825973192769):0.13811526517374295):0.6304421963932952); -Ploglik = 17.075893893126327
 Dendroscope: (t10_1,t20_1,(t27_1,(t18_1,(((t12_1,t1_1):0.19938063319597937,t23_1):0.4389439556576334,(((t8_1,t9_1):0.1329083023845311,(t5_1,t6_1):0.15634683990653614):0.020504776522136434,t2_1):0.4036161518759015):0.11531825973192769):0.13811526517374295):0.6304421963932952);
 Elapsed time: 1253.52 seconds, 20 attempted runs
-------
List of estimated networks for all runs (sorted by log-pseudolik; the smaller, the better):
 (t10_1,t20_1,(t27_1,(t18_1,(((t12_1,t1_1):0.19938063319597937,t23_1):0.4389439556576334,(((t8_1,t9_1):0.1329083023845311,(t5_1,t6_1):0.15634683990653614):0.020504776522136434,t2_1):0.4036161518759015):0.11531825973192769):0.13811526517374295):0.6304421963932952);, with -loglik 17.075893893126327
 (t10_1,t20_1,(t27_1,(t18_1,(((t12_1,t1_1):0.19938046759828498,t23_1):0.43894413298992246,(((t5_1,t6_1):0.15634661773541952,(t8_1,t9_1):0.13290831716030807):0.020504940395257423,t2_1):0.4036161290064961):0.1153182535975626):0.1381151682951911):0.6304422212428736);, with -loglik 17.075893893190695
 (t10_1,t20_1,(t27_1,((((t12_1,t1_1):0.19938032397247152,t23_1):0.4389441821839454,(((t5_1,t6_1):0.15634690881315577,(t8_1,t9_1):0.13290848361218618):0.020504697641760015,t2_1):0.4036161703720368):0.11531816054204347,t18_1):0.1381153412585542):0.6304422746048275);, with -loglik 17.075893893310315
 (t10_1,t20_1,(t27_1,(t18_1,(((t12_1,t1_1):0.19938065971141178,t23_1):0.4389439155712226,(((t5_1,t6_1):0.15634646119764362,(t8_1,t9_1):0.13290840564597223):0.020504887555466426,t2_1):0.4036162617669826):0.1153182210405352):0.13811517886215938):0.630442142734327);, with -loglik 17.07589389335291
 (t10_1,t20_1,(t27_1,(t18_1,(((t12_1,t1_1):0.1993801008910893,t23_1):0.4389441846349768,(((t8_1,t9_1):0.13290818579976485,(t5_1,t6_1):0.15634668572948182):0.020504939160030638,t2_1):0.40361599886095034):0.11531834541706447):0.13811538848797786):0.6304419295292051);, with -loglik 17.075893893721105
 (t10_1,t20_1,(t27_1,(t18_1,(((t12_1,t1_1):0.19938078259208822,t23_1):0.4389439318047363,(((t6_1,t5_1):0.15634670417467147,(t8_1,t9_1):0.13290872122781516):0.020504694207394224,t2_1):0.4036162597866661):0.11531832185913725):0.13811533245895954):0.6304425395392826);, with -loglik 17.075893893742858
 (((t18_1,(((t12_1,t1_1):0.19938070492987567,t23_1):0.43894406875341474,(((t8_1,t9_1):0.13290830371095835,(t5_1,t6_1):0.1563469737802694):0.020504488404215614,t2_1):0.4036164108193415):0.11531815024526941):0.13811529356329444,t27_1):0.630442329284783,t20_1,t10_1);, with -loglik 17.075893893767383
 (t10_1,t20_1,(t27_1,(t18_1,(((t12_1,t1_1):0.19938033977449093,t23_1):0.4389444004013849,(((t9_1,t8_1):0.13290877930402292,(t5_1,t6_1):0.15634662076875103):0.020504858249905736,t2_1):0.4036161482990538):0.11531810755572133):0.1381151950846911):0.6304425357993754);, with -loglik 17.075893893950177
 (t10_1,t20_1,(t27_1,(t18_1,(((t12_1,t1_1):0.19938007042415581,t23_1):0.4389440214713681,(((t8_1,t9_1):0.1329085412772284,(t5_1,t6_1):0.1563465739145609):0.020504555176253148,t2_1):0.40361624736577206):0.1153182373657894):0.13811529029051037):0.6304424977560267);, with -loglik 17.075893894091056
 (t10_1,t20_1,(t27_1,(t18_1,(((t12_1,t1_1):0.19938117306209938,t23_1):0.43894401023264884,(((t5_1,t6_1):0.15634680184867944,(t8_1,t9_1):0.13290875360861432):0.020504622534323575,t2_1):0.4036162292601943):0.1153183324402406):0.13811542086664053):0.6304420862138068);, with -loglik 17.075893894099366
 (t10_1,t20_1,(t27_1,(t18_1,(((t12_1,t1_1):0.1993816290100866,t23_1):0.4389437392809181,(((t8_1,t9_1):0.1329082050677593,(t5_1,t6_1):0.15634686933657072):0.020504910756952627,t2_1):0.4036161308054482):0.11531790921092133):0.13811582225462676):0.6304416796149995);, with -loglik 17.07589389535677
 (t10_1,t20_1,(t27_1,((((t12_1,t1_1):0.19938169111222317,t23_1):0.4389434319546814,(((t8_1,t9_1):0.13290845002603688,(t5_1,t6_1):0.15634651827276239):0.020504886707260136,t2_1):0.4036158851802438):0.11531806932776653,t18_1):0.13811609513560183):0.6304418763682718);, with -loglik 17.07589389720908
 (t10_1,t20_1,(t27_1,(t18_1,(((t12_1,t1_1):0.1993817696467636,t23_1):0.4389434997501827,(((t8_1,t9_1):0.13290831502093203,(t5_1,t6_1):0.15634703358315533):0.02050457487410648,t2_1):0.4036157350530891):0.1153181821235643):0.13811567381584636):0.6304415576500764);, with -loglik 17.075893897691092
 (t10_1,t20_1,(t27_1,(t18_1,(((t12_1,t1_1):0.19937996852897338,t23_1):0.43894449278048264,(((t5_1,t6_1):0.1563474006699682,(t8_1,t9_1):0.13290868255822513):0.02050397708282096,t2_1):0.4036163151256529):0.11531831796595343):0.13811606488007286):0.6304415938406404);, with -loglik 17.075893900187545
 (t10_1,t20_1,(t27_1,(t18_1,(((t12_1,t1_1):0.19938015072862394,t23_1):0.4389444382032075,(((t8_1,t9_1):0.1329092304228239,(t5_1,t6_1):0.15634805983605307):0.02050376496754165,t2_1):0.40361632978130063):0.11531834715551634):0.13811559540732338):0.6304410893233112);, with -loglik 17.075893902561535
 (t10_1,(t27_1,(t18_1,(((t12_1,t1_1):0.199380965860207,t23_1):0.4389437261187923,(((t5_1,t6_1):0.15634703677102532,(t8_1,t9_1):0.13290979262801858):0.020503181104488764,t2_1):0.40361690143814216):0.11531848009886699):0.1381146139107803):0.630442520100085,t20_1);, with -loglik 17.07589390880391
 (t10_1,t20_1,(t27_1,(t18_1,(((t12_1,t1_1):0.1993727730677422,t23_1):0.43894665542723826,(((t8_1,t9_1):0.1329069521858555,(t5_1,t6_1):0.156349477559549):0.020502165504031604,t2_1):0.403618670831975):0.11531819634975533):0.13811408042942344):0.6304402405664713);, with -loglik 17.075894032068845
 (t10_1,t20_1,(t27_1,(t18_1,(((t12_1,t1_1):0.1993727730677422,t23_1):0.43894665542723826,(((t8_1,t9_1):0.1329069521858555,(t5_1,t6_1):0.156349477559549):0.020502165504031604,t2_1):0.403618670831975):0.11531819634975533):0.13811408042942344):0.6304402405664713);, with -loglik 17.075894032068845
 (t10_1,t20_1,(t27_1,(t18_1,(((t12_1,t1_1):0.1993727730677422,t23_1):0.43894665542723826,(((t8_1,t9_1):0.1329069521858555,(t5_1,t6_1):0.156349477559549):0.020502165504031604,t2_1):0.403618670831975):0.11531819634975533):0.13811408042942344):0.6304402405664713);, with -loglik 17.075894032068845
 (t10_1,t20_1,(t27_1,(t18_1,(((t12_1,t1_1):0.1993727730677422,t23_1):0.43894665542723826,(((t8_1,t9_1):0.1329069521858555,(t5_1,t6_1):0.156349477559549):0.020502165504031604,t2_1):0.403618670831975):0.11531819634975533):0.13811408042942344):0.6304402405664713);, with -loglik 17.075894032068845
-------
