(t10_1,t20_1,(t27_1,(t18_1,(((t12_1,t1_1):0.18851219909509728,t23_1):0.4844462678739659,(((t5_1,t6_1):0.15955035337177137,t2_1):0.008476200266576672,(t8_1,t9_1):0.12110472225382381):0.415896198003109):0.11085644153439254):0.15657169159420176):0.6642173804777453); -Ploglik = 9.32295437815978
 Dendroscope: (t10_1,t20_1,(t27_1,(t18_1,(((t12_1,t1_1):0.18851219909509728,t23_1):0.4844462678739659,(((t5_1,t6_1):0.15955035337177137,t2_1):0.008476200266576672,(t8_1,t9_1):0.12110472225382381):0.415896198003109):0.11085644153439254):0.15657169159420176):0.6642173804777453);
 Elapsed time: 1799.63 seconds, 20 attempted runs
-------
List of estimated networks for all runs (sorted by log-pseudolik; the smaller, the better):
 (t10_1,t20_1,(t27_1,(t18_1,(((t12_1,t1_1):0.18851219909509728,t23_1):0.4844462678739659,(((t5_1,t6_1):0.15955035337177137,t2_1):0.008476200266576672,(t8_1,t9_1):0.12110472225382381):0.415896198003109):0.11085644153439254):0.15657169159420176):0.6642173804777453);, with -loglik 9.32295437815978
 (t10_1,t20_1,(t27_1,(t18_1,(((t12_1,t1_1):0.1885119544969287,t23_1):0.48444638771358345,((t8_1,t9_1):0.1211047661935763,((t5_1,t6_1):0.15955013505822097,t2_1):0.00847642479317968):0.415895993737856):0.11085649301383796):0.156571687653247):0.6642180147520778);, with -loglik 9.322954378441617
 (t10_1,t20_1,(t27_1,(t18_1,(((t12_1,t1_1):0.1885119544969287,t23_1):0.48444638771358345,((t8_1,t9_1):0.1211047661935763,((t5_1,t6_1):0.15955013505822097,t2_1):0.00847642479317968):0.415895993737856):0.11085649301383796):0.156571687653247):0.6642180147520778);, with -loglik 9.322954378441617
 (t10_1,t20_1,(t27_1,(t18_1,(((t12_1,t1_1):0.1885119544969287,t23_1):0.48444638771358345,((t8_1,t9_1):0.1211047661935763,((t5_1,t6_1):0.15955013505822097,t2_1):0.00847642479317968):0.415895993737856):0.11085649301383796):0.156571687653247):0.6642180147520778);, with -loglik 9.322954378441617
 (t10_1,t20_1,(t27_1,(t18_1,(((t12_1,t1_1):0.1885119544969287,t23_1):0.48444638771358345,((t8_1,t9_1):0.1211047661935763,((t5_1,t6_1):0.15955013505822097,t2_1):0.00847642479317968):0.415895993737856):0.11085649301383796):0.156571687653247):0.6642180147520778);, with -loglik 9.322954378441617
 (t10_1,t20_1,(t27_1,(t18_1,(((t12_1,t1_1):0.1885117637215441,t23_1):0.4844465173478051,((t8_1,t9_1):0.1211045939551052,((t6_1,t5_1):0.15955018097429322,t2_1):0.00847651052244171):0.4158960235247183):0.11085656324294035):0.1565717191587971):0.664217924705755);, with -loglik 9.322954378510353
 (t10_1,t20_1,(t27_1,((((t12_1,t1_1):0.18851179513150987,t23_1):0.48444664284419797,(((t5_1,t6_1):0.1595505747458057,t2_1):0.00847602484954074,(t8_1,t9_1):0.12110474476363643):0.4158963034870483):0.11085662303161008,t18_1):0.15657173690656398):0.6642177014609836);, with -loglik 9.322954378857899
 (t10_1,t20_1,(t27_1,(t18_1,(((t12_1,t1_1):0.18851207637242245,t23_1):0.48444662342602784,(((t5_1,t6_1):0.15955038737952623,t2_1):0.00847593827634821,(t8_1,t9_1):0.12110477601894852):0.415896287602372):0.11085642425443115):0.15657173770359395):0.6642179131975482);, with -loglik 9.322954379015293
 (t10_1,t20_1,(t27_1,(t18_1,(((t12_1,t1_1):0.18851225332028648,t23_1):0.4844462630547505,((t8_1,t9_1):0.12110426510108774,((t6_1,t5_1):0.15954995524571947,t2_1):0.0084766806107496):0.41589596909870225):0.11085666485782993):0.15657140062868952):0.6642175097949935);, with -loglik 9.32295437929045
 (t10_1,t20_1,(t27_1,(t18_1,(((t12_1,t1_1):0.18851232301615933,t23_1):0.48444620903869556,(((t5_1,t6_1):0.15955048397457952,t2_1):0.008475877977547296,(t8_1,t9_1):0.12110447744226237):0.41589605734689417):0.11085634187852599):0.1565720284442512):0.6642171615786591);, with -loglik 9.322954379618984
 (t10_1,(t27_1,(t18_1,(((t12_1,t1_1):0.18851148344918545,t23_1):0.48444632906799034,((t2_1,(t5_1,t6_1):0.15954993542270424):0.008476678292684597,(t8_1,t9_1):0.12110462663545878):0.41589605598850526):0.1108569017306069):0.15657186139696525):0.66421712457992,t20_1);, with -loglik 9.3229543805899
 (t10_1,t20_1,(t27_1,(t18_1,(((t12_1,t1_1):0.18851229649869256,t23_1):0.4844460294125824,(((t6_1,t5_1):0.15954991250875974,t2_1):0.008476986052720998,(t8_1,t9_1):0.12110434057482052):0.41589614924333634):0.11085662798883326):0.1565717816601721):0.6642168521837805);, with -loglik 9.322954381048326
 (t10_1,((t18_1,(((t12_1,t1_1):0.18851233000046172,t23_1):0.48444611123249987,((t8_1,t9_1):0.12110420016348089,((t5_1,t6_1):0.15955098920451768,t2_1):0.00847567264616851):0.4158963487312778):0.11085624437858135):0.15657141588481938,t27_1):0.664218039552196,t20_1);, with -loglik 9.322954381310064
 (t10_1,t20_1,(t27_1,(t18_1,(((t12_1,t1_1):0.1885112470039007,t23_1):0.4844468712884702,((t8_1,t9_1):0.12110426725818103,((t5_1,t6_1):0.15955167010008184,t2_1):0.008474328125673442):0.4158965006536525):0.11085665581695894):0.1565713100213885):0.6642178865274517);, with -loglik 9.32295439604394
 (t10_1,t20_1,(t27_1,(t18_1,(((t12_1,t1_1):0.1885123007345055,t23_1):0.4844463627776717,((t9_1,t8_1):0.12110494757670091,((t5_1,t6_1):0.15954791992508838,t2_1):0.008477734587290004):0.4158961113711125):0.11085547986813907):0.15657240553939944):0.6642166189604649);, with -loglik 9.322954398218133
 (t10_1,t20_1,(t27_1,(t18_1,(((t12_1,t1_1):0.18851319106133868,t23_1):0.4844449939935303,((t8_1,t9_1):0.1211072253514274,((t5_1,t6_1):0.1595498973650882,t2_1):0.008477391743604772):0.41589564077464103):0.11085622508406465):0.15657213303415635):0.6642179501897532);, with -loglik 9.32295440439649
 (t10_1,t20_1,(t27_1,(t18_1,(((t12_1,t1_1):0.18851257035513602,t23_1):0.4844466503994896,((t8_1,t9_1):0.12110389333747412,((t5_1,t6_1):0.1595473479238598,t2_1):0.008478456737301656):0.4158961831342916):0.11085702436744885):0.1565716186094951):0.6642163550363834);, with -loglik 9.322954409126698
 (t10_1,t20_1,((t18_1,(((t12_1,t1_1):0.18851370852883925,t23_1):0.48444574271200724,((t8_1,t9_1):0.12110481399816746,(t2_1,(t5_1,t6_1):0.15954882730520864):0.008478339390764695):0.4158959568919834):0.11085516556366735):0.15657190946788552,t27_1):0.6642178281997485);, with -loglik 9.322954410327142
 (t10_1,t20_1,(t27_1,((((t2_1,(t5_1,t6_1):0.15955317824210719):0.008472262302650834,(t8_1,t9_1):0.12110538083199253):0.4158968776125913,((t12_1,t1_1):0.1885117800767683,t23_1):0.4844464115685277):0.11085690599017513,t18_1):0.15657119263237493):0.6642174555623861);, with -loglik 9.32295444956502
 (t10_1,t20_1,(t27_1,(t18_1,((((t5_1,t6_1):0.15954920940276301,t2_1):0.00847429306191594,(t8_1,t9_1):0.12110346931712):0.41589883111805004,((t12_1,t1_1):0.18851328342872473,t23_1):0.4844468605333678):0.11085600913875351):0.15657349533392753):0.6642190474811992);, with -loglik 9.322954455245819
-------
