Bayesian Untangling of Concordance Knots (applied to yeast and other organisms)
BUCKy version 1.4.4, 22 June 2015
Copyright (C) 2006-2015 by Bret Larget, Cecile Ane and Riley Larget

This is free software; see the source for copying conditions.  There is NO
warranty; not even for MERCHANTABILITY or FITNESS FOR A PARTICULAR PURPOSE.

Program initiated at Thu Jun 10 18:08:22 2021


Program invocation: bucky -i hybridLambda_output/net_h1_n6_ho -o bucky_output/net_h1_n6_ho

  Parameter              | Usage                    | Default Value | Value Used
  ------------------------------------------------------------------------------
  alpha                  | -a number                | 1             | 1
  # of runs              | -k integer               | 2             | 2
  # of MCMC updates      | -n integer               | 100000        | 100000
  # of chains            | -c integer               | 1             | 1
  MCMCMC Rate            | -r integer               | 100           | 100
  alpha multiplier       | -m number                | 10            | 10
  subsample rate         | -s integer               | 1             | 1
  output root file name  | -o name                  | run1          | bucky_output/net_h1_n6_ho
  input file list file   | -i filename              |               | hybridLambda_output/net_h1_n6_ho
  random seed 1          | -s1 integer              | 1234          | 1234
  random seed 2          | -s2 integer              | 5678          | 5678
  CF cutoff for display  | -cf number               | 0.05          | 0.05
  create sample file     | --create-sample-file     | false         | false
  create joint file      | --create-joint-file      | false         | false
  create single file     | --create-single-file     | false         | false
  use independence prior | --use-independence-prior | false         | false
  calculate pairs        | --calculate-pairs        | false         | false
  use update groups      | --use-update-groups      | true          | true
  File with prune list   | -p pruneFile             |               | 
  skip genes             | -sg                      | false         | false
  Space optimization     | --opt-space              | false         | false
  no population tree?    | --no-population-tree     | false         | false
  genomewide CF grid size| --genomewide-grid-size   | 1000          | 1000
  ------------------------------------------------------------------------------

Reading in summary files....
