(t10_1,t20_1,(t27_1,(t18_1,(((t12_1,t1_1):0.2331895727638606,t23_1):0.46211045498723835,(((t5_1,t6_1):0.16362058169045013,t2_1):0.010699690163428153,(t8_1,t9_1):0.15732375060509723):0.4278837240732733):0.11716802810972032):0.16412243946893404):0.6577261337100796); -Ploglik = 12.393117965391657
 Dendroscope: (t10_1,t20_1,(t27_1,(t18_1,(((t12_1,t1_1):0.2331895727638606,t23_1):0.46211045498723835,(((t5_1,t6_1):0.16362058169045013,t2_1):0.010699690163428153,(t8_1,t9_1):0.15732375060509723):0.4278837240732733):0.11716802810972032):0.16412243946893404):0.6577261337100796);
 Elapsed time: 1986.14 seconds, 20 attempted runs
-------
List of estimated networks for all runs (sorted by log-pseudolik; the smaller, the better):
 (t10_1,t20_1,(t27_1,(t18_1,(((t12_1,t1_1):0.2331895727638606,t23_1):0.46211045498723835,(((t5_1,t6_1):0.16362058169045013,t2_1):0.010699690163428153,(t8_1,t9_1):0.15732375060509723):0.4278837240732733):0.11716802810972032):0.16412243946893404):0.6577261337100796);, with -loglik 12.393117965391657
 (t10_1,t20_1,(t27_1,((((t12_1,t1_1):0.23318945713653574,t23_1):0.46211056709345605,((t2_1,(t5_1,t6_1):0.16362053037379148):0.01069973631383969,(t8_1,t9_1):0.15732365036725598):0.4278836967911443):0.11716791497407489,t18_1):0.16412247839929886):0.6577261424754459);, with -loglik 12.393117965412857
 (t10_1,((t18_1,(((t12_1,t1_1):0.233189564794739,t23_1):0.46211054373407356,(((t5_1,t6_1):0.16362070164483905,t2_1):0.010699665627253361,(t8_1,t9_1):0.15732368743245626):0.4278836907380043):0.11716800802883237):0.16412253589836898,t27_1):0.6577261670382853,t20_1);, with -loglik 12.393117965439451
 (t10_1,t20_1,(t27_1,(t18_1,(((t12_1,t1_1):0.23318935095127363,t23_1):0.4621105631100484,(((t5_1,t6_1):0.16362041076912442,t2_1):0.010699747251741087,(t8_1,t9_1):0.1573236923444244):0.4278838028886924):0.11716785814698322):0.16412253052690343):0.6577261984176207);, with -loglik 12.393117965568868
 (t10_1,t20_1,(t27_1,(t18_1,(((t12_1,t1_1):0.23318965019584237,t23_1):0.46211048583286746,(((t5_1,t6_1):0.16362065270030826,t2_1):0.010699874865529526,(t8_1,t9_1):0.1573237987812097):0.4278836783254324):0.11716787602705613):0.16412262914274128):0.6577264084594721);, with -loglik 12.393117965706837
 (t10_1,t20_1,((t18_1,(((t12_1,t1_1):0.23318959807630038,t23_1):0.46211047552756124,(((t5_1,t6_1):0.16362071448035465,t2_1):0.010699422197586851,(t8_1,t9_1):0.1573236184418602):0.42788378231205737):0.11716800697272484):0.16412245184151586,t27_1):0.657726191354031);, with -loglik 12.393117965758261
 (t10_1,((t18_1,(((t12_1,t1_1):0.23318935148064993,t23_1):0.462110635786906,(((t5_1,t6_1):0.1636208284980661,t2_1):0.010699714407488367,(t8_1,t9_1):0.15732345283652432):0.4278835538163267):0.11716815317510093):0.16412217603085605,t27_1):0.657726782955386,t20_1);, with -loglik 12.393117966184732
 (t10_1,t20_1,((t18_1,(((t12_1,t1_1):0.2331897031407752,t23_1):0.4621102920019545,((t2_1,(t5_1,t6_1):0.16362061150221371):0.010699376693452882,(t8_1,t9_1):0.1573236895574095):0.4278838449779609):0.11716762363040037):0.1641227645156626,t27_1):0.6577259140493867);, with -loglik 12.393117966723333
 (t10_1,t20_1,(t27_1,((((t12_1,t1_1):0.23318955421498758,t23_1):0.4621106966133237,(((t5_1,t6_1):0.16362094504421235,t2_1):0.010699281702755643,(t8_1,t9_1):0.15732361495084224):0.4278838070793939):0.11716791493127078,t18_1):0.16412249759398626):0.6577254791990621);, with -loglik 12.393117966784938
 (t10_1,t20_1,(t27_1,(t18_1,(((t12_1,t1_1):0.23318996326359193,t23_1):0.46211073825181787,(((t5_1,t6_1):0.16362124178513762,t2_1):0.010699139583411255,(t8_1,t9_1):0.15732354198029466):0.42788366720988635):0.11716791442565473):0.16412259867869625):0.6577259620950484);, with -loglik 12.393117967728465
 (t10_1,t20_1,(t27_1,(t18_1,(((t12_1,t1_1):0.23318996326359193,t23_1):0.46211073825181787,(((t5_1,t6_1):0.16362124178513762,t2_1):0.010699139583411255,(t8_1,t9_1):0.15732354198029466):0.42788366720988635):0.11716791442565473):0.16412259867869625):0.6577259620950484);, with -loglik 12.393117967728465
 (t10_1,t20_1,(t27_1,(t18_1,(((t12_1,t1_1):0.23318996326359193,t23_1):0.46211073825181787,(((t5_1,t6_1):0.16362124178513762,t2_1):0.010699139583411255,(t8_1,t9_1):0.15732354198029466):0.42788366720988635):0.11716791442565473):0.16412259867869625):0.6577259620950484);, with -loglik 12.393117967728465
 (t10_1,t20_1,(t27_1,(t18_1,(((t12_1,t1_1):0.23318996326359193,t23_1):0.46211073825181787,(((t5_1,t6_1):0.16362124178513762,t2_1):0.010699139583411255,(t8_1,t9_1):0.15732354198029466):0.42788366720988635):0.11716791442565473):0.16412259867869625):0.6577259620950484);, with -loglik 12.393117967728465
 (t10_1,t20_1,(t27_1,(t18_1,(((t12_1,t1_1):0.23318965984536688,t23_1):0.4621106317135956,(((t6_1,t5_1):0.16362158273777308,t2_1):0.010699067898029426,(t8_1,t9_1):0.1573239734594659):0.42788378963042445):0.1171679157725379):0.1641228329382928):0.6577258374576933);, with -loglik 12.39311796855155
 (t10_1,t20_1,(t27_1,(t18_1,(((t8_1,t9_1):0.15732304208452075,((t5_1,t6_1):0.16362128025387887,t2_1):0.010699151570846758):0.4278836870671883,((t12_1,t1_1):0.23318947493283035,t23_1):0.462110592743625):0.11716827740579895):0.1641226198995877):0.6577266527728397);, with -loglik 12.393117969145859
 (t10_1,t20_1,(t27_1,(t18_1,(((t12_1,t1_1):0.23318971965964738,t23_1):0.46211055311471777,(((t5_1,t6_1):0.16361977792676763,t2_1):0.01070067353003778,(t8_1,t9_1):0.15732358027270962):0.4278833316765727):0.11716794165733095):0.16412254339888108):0.6577266695248938);, with -loglik 12.393117969635133
 (t10_1,t20_1,(t27_1,(t18_1,(((t12_1,t1_1):0.23319031379578306,t23_1):0.4621098536050658,((t9_1,t8_1):0.15732396427819484,((t5_1,t6_1):0.1636196254712617,t2_1):0.010701233016139561):0.4278831377932861):0.1171679132096939):0.16412267294273408):0.6577254310681456);, with -loglik 12.393117976966197
 (t10_1,t20_1,(t27_1,(t18_1,(((t12_1,t1_1):0.23318750297802282,t23_1):0.4621114260819947,(((t5_1,t6_1):0.1636213705576214,t2_1):0.010697828316223405,(t8_1,t9_1):0.1573230180749046):0.4278843426341165):0.11716847363866052):0.16412118054552877):0.6577284542547761);, with -loglik 12.393117993377185
 (t10_1,t20_1,(t27_1,(t18_1,(((t12_1,t1_1):0.23319691633222,t23_1):0.4621077703054589,(((t8_1,t9_1):0.15745404508121158,t2_1):6.4340225953245174e-6,(t5_1,t6_1):0.1706295131934866):0.43040606615385596):0.11716134233095447):0.16413079712941664):0.6577244918947835);, with -loglik 12.882196591216282
 (t10_1,t20_1,(t27_1,(t18_1,(((t12_1,t1_1):0.2332004372871444,t23_1):0.4620982614691269,((t5_1,t6_1):0.17061923883737348,((t9_1,t2_1):0.0,t8_1):0.04854592164287359):0.4308195472628886):0.11717819954896058):0.1641083133101302):0.6577222299742044);, with -loglik 61.077547430999005
-------
